#-----------------------------------------------------------
# Vivado v2020.1 (64-bit)
# SW Build 2902540 on Wed May 27 19:54:49 MDT 2020
# IP Build 2902112 on Wed May 27 22:43:36 MDT 2020
# Start of session at: Fri Apr 26 15:38:05 2024
# Process ID: 3388
# Current directory: D:/OneDrive - Habib University/Semester 4/CA/Pipelined Processor Till LoadUse Hazard2
# Command line: vivado.exe -gui_launcher_event rodinguilauncherevent9704 D:\OneDrive - Habib University\Semester 4\CA\Pipelined Processor Till LoadUse Hazard2\Pipelined Processor.xpr
# Log file: D:/OneDrive - Habib University/Semester 4/CA/Pipelined Processor Till LoadUse Hazard2/vivado.log
# Journal file: D:/OneDrive - Habib University/Semester 4/CA/Pipelined Processor Till LoadUse Hazard2\vivado.jou
#-----------------------------------------------------------
start_gui
open_project {D:/OneDrive - Habib University/Semester 4/CA/Pipelined Processor Till LoadUse Hazard2/Pipelined Processor.xpr}
update_compile_order -fileset sources_1
launch_simulation
open_wave_config {D:/OneDrive - Habib University/Semester 4/CA/Pipelined Processor Till LoadUse Hazard2/testbench_RISCVSC_behav.wcfg}
source testbench_RISCVSC.tcl
relaunch_sim
relaunch_sim
relaunch_sim
relaunch_sim
close_sim
